  正在确定要还原的项目…
  所有项目均是最新的，无法还原。
  BladeHexCore -> D:\123\Blade&Hex\BladeHexCore\.godot\mono\temp\bin\Debug\BladeHexCore.dll
D:\123\Blade&Hex\BladeHexFrontend\src\View\Map\TerrainAtlas.cs(174,26): warning CS0618: “Image.Create(int, int, bool, Image.Format)”已过时:“Use 'Godot.Image.CreateEmpty(int, int, bool, Image.Format)'.” [D:\123\Blade&Hex\BladeHexFrontend\BladeHexFrontend.csproj]
D:\123\Blade&Hex\BladeHexFrontend\src\Scenes\combat\CombatScene.cs(74,43): error CS1061: “UnitData”未包含“threatLevel”的定义，并且找不到可接受第一个“UnitData”类型参数的可访问扩展方法“threatLevel”(是否缺少 using 指令或程序集引用?) [D:\123\Blade&Hex\BladeHexFrontend\BladeHexFrontend.csproj]
D:\123\Blade&Hex\BladeHexFrontend\src\View\Map\HexCellMultiMeshBatcher.cs(138,36): error CS1061: “MultiMeshInstance3D”未包含“MultiMesh”的定义，并且找不到可接受第一个“MultiMeshInstance3D”类型参数的可访问扩展方法“MultiMesh”(是否缺少 using 指令或程序集引用?) [D:\123\Blade&Hex\BladeHexFrontend\BladeHexFrontend.csproj]
D:\123\Blade&Hex\BladeHexFrontend\src\View\Map\HexCell.cs(106,33): error CS0572: “TerrainType”: 无法通过表达式引用类型；请尝试“BattleCellData.TerrainType” [D:\123\Blade&Hex\BladeHexFrontend\BladeHexFrontend.csproj]
D:\123\Blade&Hex\BladeHexFrontend\src\View\Map\HexCell.cs(106,32): error CS0119: “BattleCellData.TerrainType”是一个 类型，这在给定的上下文中无效 [D:\123\Blade&Hex\BladeHexFrontend\BladeHexFrontend.csproj]
D:\123\Blade&Hex\BladeHexFrontend\src\View\Map\HexCellMultiMeshBatcher.cs(162,36): error CS1061: “MultiMeshInstance3D”未包含“MultiMesh”的定义，并且找不到可接受第一个“MultiMeshInstance3D”类型参数的可访问扩展方法“MultiMesh”(是否缺少 using 指令或程序集引用?) [D:\123\Blade&Hex\BladeHexFrontend\BladeHexFrontend.csproj]
D:\123\Blade&Hex\BladeHexFrontend\src\Scenes\combat\CombatScene.cs(205,20): error CS1061: “UnitData”未包含“str”的定义，并且找不到可接受第一个“UnitData”类型参数的可访问扩展方法“str”(是否缺少 using 指令或程序集引用?) [D:\123\Blade&Hex\BladeHexFrontend\BladeHexFrontend.csproj]
D:\123\Blade&Hex\BladeHexFrontend\src\Scenes\combat\CombatScene.cs(206,20): error CS1061: “UnitData”未包含“dex”的定义，并且找不到可接受第一个“UnitData”类型参数的可访问扩展方法“dex”(是否缺少 using 指令或程序集引用?) [D:\123\Blade&Hex\BladeHexFrontend\BladeHexFrontend.csproj]
D:\123\Blade&Hex\BladeHexFrontend\src\Scenes\combat\CombatScene.cs(207,20): error CS1061: “UnitData”未包含“con”的定义，并且找不到可接受第一个“UnitData”类型参数的可访问扩展方法“con”(是否缺少 using 指令或程序集引用?) [D:\123\Blade&Hex\BladeHexFrontend\BladeHexFrontend.csproj]
D:\123\Blade&Hex\BladeHexFrontend\src\Scenes\combat\CombatScene.cs(208,20): error CS1061: “UnitData”未包含“baseMaxHp”的定义，并且找不到可接受第一个“UnitData”类型参数的可访问扩展方法“baseMaxHp”(是否缺少 using 指令或程序集引用?) [D:\123\Blade&Hex\BladeHexFrontend\BladeHexFrontend.csproj]
D:\123\Blade&Hex\BladeHexFrontend\src\Scenes\combat\CombatScene.cs(209,20): error CS1061: “UnitData”未包含“baseAc”的定义，并且找不到可接受第一个“UnitData”类型参数的可访问扩展方法“baseAc”(是否缺少 using 指令或程序集引用?) [D:\123\Blade&Hex\BladeHexFrontend\BladeHexFrontend.csproj]
D:\123\Blade&Hex\BladeHexFrontend\src\Scenes\combat\CombatScene.cs(216,13): error CS0117: “ArmorData”未包含“acBonus”的定义 [D:\123\Blade&Hex\BladeHexFrontend\BladeHexFrontend.csproj]
D:\123\Blade&Hex\BladeHexFrontend\src\Scenes\combat\CombatScene.cs(217,13): error CS0117: “ArmorData”未包含“maxDexBonus”的定义 [D:\123\Blade&Hex\BladeHexFrontend\BladeHexFrontend.csproj]
D:\123\Blade&Hex\BladeHexFrontend\src\Scenes\combat\CombatScene.cs(219,20): error CS1061: “UnitData”未包含“armor”的定义，并且找不到可接受第一个“UnitData”类型参数的可访问扩展方法“armor”(是否缺少 using 指令或程序集引用?) [D:\123\Blade&Hex\BladeHexFrontend\BladeHexFrontend.csproj]
D:\123\Blade&Hex\BladeHexFrontend\src\Scenes\combat\CombatScene.cs(225,13): error CS0117: “WeaponData”未包含“damageDiceCount”的定义 [D:\123\Blade&Hex\BladeHexFrontend\BladeHexFrontend.csproj]
D:\123\Blade&Hex\BladeHexFrontend\src\Scenes\combat\CombatScene.cs(226,13): error CS0117: “WeaponData”未包含“damageDiceSides”的定义 [D:\123\Blade&Hex\BladeHexFrontend\BladeHexFrontend.csproj]
D:\123\Blade&Hex\BladeHexFrontend\src\Scenes\combat\CombatScene.cs(227,13): error CS0117: “WeaponData”未包含“weaponDamageType”的定义 [D:\123\Blade&Hex\BladeHexFrontend\BladeHexFrontend.csproj]
D:\123\Blade&Hex\BladeHexFrontend\src\Scenes\combat\CombatScene.cs(229,20): error CS1061: “UnitData”未包含“primaryMainHand”的定义，并且找不到可接受第一个“UnitData”类型参数的可访问扩展方法“primaryMainHand”(是否缺少 using 指令或程序集引用?) [D:\123\Blade&Hex\BladeHexFrontend\BladeHexFrontend.csproj]
D:\123\Blade&Hex\BladeHexFrontend\src\Scenes\combat\CombatScene.cs(235,13): error CS0117: “WeaponData”未包含“isRanged”的定义 [D:\123\Blade&Hex\BladeHexFrontend\BladeHexFrontend.csproj]
D:\123\Blade&Hex\BladeHexFrontend\src\Scenes\combat\CombatScene.cs(236,13): error CS0117: “WeaponData”未包含“rangeCells”的定义 [D:\123\Blade&Hex\BladeHexFrontend\BladeHexFrontend.csproj]
D:\123\Blade&Hex\BladeHexFrontend\src\Scenes\combat\CombatScene.cs(237,13): error CS0117: “WeaponData”未包含“damageDiceCount”的定义 [D:\123\Blade&Hex\BladeHexFrontend\BladeHexFrontend.csproj]
D:\123\Blade&Hex\BladeHexFrontend\src\Scenes\combat\CombatScene.cs(238,13): error CS0117: “WeaponData”未包含“damageDiceSides”的定义 [D:\123\Blade&Hex\BladeHexFrontend\BladeHexFrontend.csproj]
D:\123\Blade&Hex\BladeHexFrontend\src\Scenes\combat\CombatScene.cs(239,13): error CS0117: “WeaponData”未包含“weaponDamageType”的定义 [D:\123\Blade&Hex\BladeHexFrontend\BladeHexFrontend.csproj]
D:\123\Blade&Hex\BladeHexFrontend\src\Scenes\combat\CombatScene.cs(241,20): error CS1061: “UnitData”未包含“secondaryMainHand”的定义，并且找不到可接受第一个“UnitData”类型参数的可访问扩展方法“secondaryMainHand”(是否缺少 using 指令或程序集引用?) [D:\123\Blade&Hex\BladeHexFrontend\BladeHexFrontend.csproj]
D:\123\Blade&Hex\BladeHexFrontend\src\Scenes\combat\CombatScene.cs(270,17): error CS0117: “UnitData”未包含“isEnemy”的定义 [D:\123\Blade&Hex\BladeHexFrontend\BladeHexFrontend.csproj]
D:\123\Blade&Hex\BladeHexFrontend\src\Scenes\combat\CombatScene.cs(272,17): error CS0117: “UnitData”未包含“threatLevel”的定义 [D:\123\Blade&Hex\BladeHexFrontend\BladeHexFrontend.csproj]
D:\123\Blade&Hex\BladeHexFrontend\src\Scenes\combat\CombatScene.cs(274,17): error CS0117: “UnitData”未包含“morale”的定义 [D:\123\Blade&Hex\BladeHexFrontend\BladeHexFrontend.csproj]
D:\123\Blade&Hex\BladeHexFrontend\src\Scenes\combat\CombatScene.cs(275,17): error CS0117: “UnitData”未包含“str”的定义 [D:\123\Blade&Hex\BladeHexFrontend\BladeHexFrontend.csproj]
D:\123\Blade&Hex\BladeHexFrontend\src\Scenes\combat\CombatScene.cs(276,17): error CS0117: “UnitData”未包含“dex”的定义 [D:\123\Blade&Hex\BladeHexFrontend\BladeHexFrontend.csproj]
D:\123\Blade&Hex\BladeHexFrontend\src\Scenes\combat\CombatScene.cs(277,17): error CS0117: “UnitData”未包含“con”的定义 [D:\123\Blade&Hex\BladeHexFrontend\BladeHexFrontend.csproj]
D:\123\Blade&Hex\BladeHexFrontend\src\Scenes\combat\CombatScene.cs(278,17): error CS0117: “UnitData”未包含“intel”的定义 [D:\123\Blade&Hex\BladeHexFrontend\BladeHexFrontend.csproj]
D:\123\Blade&Hex\BladeHexFrontend\src\Scenes\combat\CombatScene.cs(279,17): error CS0117: “UnitData”未包含“wis”的定义 [D:\123\Blade&Hex\BladeHexFrontend\BladeHexFrontend.csproj]
D:\123\Blade&Hex\BladeHexFrontend\src\Scenes\combat\CombatScene.cs(280,17): error CS0117: “UnitData”未包含“cha”的定义 [D:\123\Blade&Hex\BladeHexFrontend\BladeHexFrontend.csproj]
D:\123\Blade&Hex\BladeHexFrontend\src\Scenes\combat\CombatScene.cs(281,17): error CS0117: “UnitData”未包含“baseMaxHp”的定义 [D:\123\Blade&Hex\BladeHexFrontend\BladeHexFrontend.csproj]
D:\123\Blade&Hex\BladeHexFrontend\src\Scenes\combat\CombatScene.cs(282,17): error CS0117: “UnitData”未包含“baseAc”的定义 [D:\123\Blade&Hex\BladeHexFrontend\BladeHexFrontend.csproj]
D:\123\Blade&Hex\BladeHexFrontend\src\Scenes\combat\CombatScene.cs(289,17): error CS0117: “WeaponData”未包含“isRanged”的定义 [D:\123\Blade&Hex\BladeHexFrontend\BladeHexFrontend.csproj]
D:\123\Blade&Hex\BladeHexFrontend\src\Scenes\combat\CombatScene.cs(290,17): error CS0117: “WeaponData”未包含“rangeCells”的定义 [D:\123\Blade&Hex\BladeHexFrontend\BladeHexFrontend.csproj]
D:\123\Blade&Hex\BladeHexFrontend\src\Scenes\combat\CombatScene.cs(291,17): error CS0117: “WeaponData”未包含“damageDiceCount”的定义 [D:\123\Blade&Hex\BladeHexFrontend\BladeHexFrontend.csproj]
D:\123\Blade&Hex\BladeHexFrontend\src\Scenes\combat\CombatScene.cs(292,17): error CS0117: “WeaponData”未包含“damageDiceSides”的定义 [D:\123\Blade&Hex\BladeHexFrontend\BladeHexFrontend.csproj]
D:\123\Blade&Hex\BladeHexFrontend\src\Scenes\combat\CombatScene.cs(293,17): error CS0117: “WeaponData”未包含“isFinesse”的定义 [D:\123\Blade&Hex\BladeHexFrontend\BladeHexFrontend.csproj]
D:\123\Blade&Hex\BladeHexFrontend\src\Scenes\combat\CombatScene.cs(295,23): error CS1061: “UnitData”未包含“primaryMainHand”的定义，并且找不到可接受第一个“UnitData”类型参数的可访问扩展方法“primaryMainHand”(是否缺少 using 指令或程序集引用?) [D:\123\Blade&Hex\BladeHexFrontend\BladeHexFrontend.csproj]
D:\123\Blade&Hex\BladeHexFrontend\src\Scenes\combat\CombatScene.cs(297,23): error CS1061: “UnitData”未包含“traits”的定义，并且找不到可接受第一个“UnitData”类型参数的可访问扩展方法“traits”(是否缺少 using 指令或程序集引用?) [D:\123\Blade&Hex\BladeHexFrontend\BladeHexFrontend.csproj]
D:\123\Blade&Hex\BladeHexFrontend\src\Scenes\combat\CombatScene.cs(323,13): error CS0117: “UnitData”未包含“isEnemy”的定义 [D:\123\Blade&Hex\BladeHexFrontend\BladeHexFrontend.csproj]
D:\123\Blade&Hex\BladeHexFrontend\src\Scenes\combat\CombatScene.cs(325,13): error CS0117: “UnitData”未包含“threatLevel”的定义 [D:\123\Blade&Hex\BladeHexFrontend\BladeHexFrontend.csproj]
D:\123\Blade&Hex\BladeHexFrontend\src\Scenes\combat\CombatScene.cs(327,13): error CS0117: “UnitData”未包含“morale”的定义 [D:\123\Blade&Hex\BladeHexFrontend\BladeHexFrontend.csproj]
D:\123\Blade&Hex\BladeHexFrontend\src\Scenes\combat\CombatScene.cs(328,13): error CS0117: “UnitData”未包含“str”的定义 [D:\123\Blade&Hex\BladeHexFrontend\BladeHexFrontend.csproj]
D:\123\Blade&Hex\BladeHexFrontend\src\Scenes\combat\CombatScene.cs(329,13): error CS0117: “UnitData”未包含“dex”的定义 [D:\123\Blade&Hex\BladeHexFrontend\BladeHexFrontend.csproj]
D:\123\Blade&Hex\BladeHexFrontend\src\Scenes\combat\CombatScene.cs(330,13): error CS0117: “UnitData”未包含“con”的定义 [D:\123\Blade&Hex\BladeHexFrontend\BladeHexFrontend.csproj]
D:\123\Blade&Hex\BladeHexFrontend\src\Scenes\combat\CombatScene.cs(331,13): error CS0117: “UnitData”未包含“intel”的定义 [D:\123\Blade&Hex\BladeHexFrontend\BladeHexFrontend.csproj]
D:\123\Blade&Hex\BladeHexFrontend\src\Scenes\combat\CombatScene.cs(332,13): error CS0117: “UnitData”未包含“wis”的定义 [D:\123\Blade&Hex\BladeHexFrontend\BladeHexFrontend.csproj]
D:\123\Blade&Hex\BladeHexFrontend\src\Scenes\combat\CombatScene.cs(333,13): error CS0117: “UnitData”未包含“cha”的定义 [D:\123\Blade&Hex\BladeHexFrontend\BladeHexFrontend.csproj]
D:\123\Blade&Hex\BladeHexFrontend\src\Scenes\combat\CombatScene.cs(334,13): error CS0117: “UnitData”未包含“baseMaxHp”的定义 [D:\123\Blade&Hex\BladeHexFrontend\BladeHexFrontend.csproj]
D:\123\Blade&Hex\BladeHexFrontend\src\Scenes\combat\CombatScene.cs(335,13): error CS0117: “UnitData”未包含“baseAc”的定义 [D:\123\Blade&Hex\BladeHexFrontend\BladeHexFrontend.csproj]
D:\123\Blade&Hex\BladeHexFrontend\src\Scenes\combat\CombatScene.cs(341,13): error CS0117: “WeaponData”未包含“damageDiceCount”的定义 [D:\123\Blade&Hex\BladeHexFrontend\BladeHexFrontend.csproj]
D:\123\Blade&Hex\BladeHexFrontend\src\Scenes\combat\CombatScene.cs(342,13): error CS0117: “WeaponData”未包含“damageDiceSides”的定义 [D:\123\Blade&Hex\BladeHexFrontend\BladeHexFrontend.csproj]
D:\123\Blade&Hex\BladeHexFrontend\src\Scenes\combat\CombatScene.cs(343,13): error CS0117: “WeaponData”未包含“isFinesse”的定义 [D:\123\Blade&Hex\BladeHexFrontend\BladeHexFrontend.csproj]
D:\123\Blade&Hex\BladeHexFrontend\src\Scenes\combat\CombatScene.cs(345,18): error CS1061: “UnitData”未包含“primaryMainHand”的定义，并且找不到可接受第一个“UnitData”类型参数的可访问扩展方法“primaryMainHand”(是否缺少 using 指令或程序集引用?) [D:\123\Blade&Hex\BladeHexFrontend\BladeHexFrontend.csproj]
D:\123\Blade&Hex\BladeHexFrontend\src\Scenes\combat\CombatScene.cs(347,18): error CS1061: “UnitData”未包含“immunities”的定义，并且找不到可接受第一个“UnitData”类型参数的可访问扩展方法“immunities”(是否缺少 using 指令或程序集引用?) [D:\123\Blade&Hex\BladeHexFrontend\BladeHexFrontend.csproj]
D:\123\Blade&Hex\BladeHexFrontend\src\Scenes\combat\CombatScene.cs(348,18): error CS1061: “UnitData”未包含“resistances”的定义，并且找不到可接受第一个“UnitData”类型参数的可访问扩展方法“resistances”(是否缺少 using 指令或程序集引用?) [D:\123\Blade&Hex\BladeHexFrontend\BladeHexFrontend.csproj]
D:\123\Blade&Hex\BladeHexFrontend\src\Scenes\combat\CombatScene.cs(373,13): error CS0117: “UnitData”未包含“isEnemy”的定义 [D:\123\Blade&Hex\BladeHexFrontend\BladeHexFrontend.csproj]
D:\123\Blade&Hex\BladeHexFrontend\src\Scenes\combat\CombatScene.cs(375,13): error CS0117: “UnitData”未包含“threatLevel”的定义 [D:\123\Blade&Hex\BladeHexFrontend\BladeHexFrontend.csproj]
D:\123\Blade&Hex\BladeHexFrontend\src\Scenes\combat\CombatScene.cs(377,13): error CS0117: “UnitData”未包含“morale”的定义 [D:\123\Blade&Hex\BladeHexFrontend\BladeHexFrontend.csproj]
D:\123\Blade&Hex\BladeHexFrontend\src\Scenes\combat\CombatScene.cs(378,13): error CS0117: “UnitData”未包含“str”的定义 [D:\123\Blade&Hex\BladeHexFrontend\BladeHexFrontend.csproj]
D:\123\Blade&Hex\BladeHexFrontend\src\Scenes\combat\CombatScene.cs(379,13): error CS0117: “UnitData”未包含“dex”的定义 [D:\123\Blade&Hex\BladeHexFrontend\BladeHexFrontend.csproj]
D:\123\Blade&Hex\BladeHexFrontend\src\Scenes\combat\CombatScene.cs(380,13): error CS0117: “UnitData”未包含“con”的定义 [D:\123\Blade&Hex\BladeHexFrontend\BladeHexFrontend.csproj]
D:\123\Blade&Hex\BladeHexFrontend\src\Scenes\combat\CombatScene.cs(381,13): error CS0117: “UnitData”未包含“intel”的定义 [D:\123\Blade&Hex\BladeHexFrontend\BladeHexFrontend.csproj]
D:\123\Blade&Hex\BladeHexFrontend\src\Scenes\combat\CombatScene.cs(382,13): error CS0117: “UnitData”未包含“wis”的定义 [D:\123\Blade&Hex\BladeHexFrontend\BladeHexFrontend.csproj]
D:\123\Blade&Hex\BladeHexFrontend\src\Scenes\combat\CombatScene.cs(383,13): error CS0117: “UnitData”未包含“cha”的定义 [D:\123\Blade&Hex\BladeHexFrontend\BladeHexFrontend.csproj]
D:\123\Blade&Hex\BladeHexFrontend\src\Scenes\combat\CombatScene.cs(384,13): error CS0117: “UnitData”未包含“baseMaxHp”的定义 [D:\123\Blade&Hex\BladeHexFrontend\BladeHexFrontend.csproj]
D:\123\Blade&Hex\BladeHexFrontend\src\Scenes\combat\CombatScene.cs(385,13): error CS0117: “UnitData”未包含“baseAc”的定义 [D:\123\Blade&Hex\BladeHexFrontend\BladeHexFrontend.csproj]
D:\123\Blade&Hex\BladeHexFrontend\src\Scenes\combat\CombatScene.cs(391,13): error CS0117: “WeaponData”未包含“damageDiceCount”的定义 [D:\123\Blade&Hex\BladeHexFrontend\BladeHexFrontend.csproj]
D:\123\Blade&Hex\BladeHexFrontend\src\Scenes\combat\CombatScene.cs(392,13): error CS0117: “WeaponData”未包含“damageDiceSides”的定义 [D:\123\Blade&Hex\BladeHexFrontend\BladeHexFrontend.csproj]
D:\123\Blade&Hex\BladeHexFrontend\src\Scenes\combat\CombatScene.cs(394,17): error CS1061: “UnitData”未包含“primaryMainHand”的定义，并且找不到可接受第一个“UnitData”类型参数的可访问扩展方法“primaryMainHand”(是否缺少 using 指令或程序集引用?) [D:\123\Blade&Hex\BladeHexFrontend\BladeHexFrontend.csproj]
D:\123\Blade&Hex\BladeHexFrontend\src\Scenes\combat\CombatScene.cs(396,17): error CS1061: “UnitData”未包含“traits”的定义，并且找不到可接受第一个“UnitData”类型参数的可访问扩展方法“traits”(是否缺少 using 指令或程序集引用?) [D:\123\Blade&Hex\BladeHexFrontend\BladeHexFrontend.csproj]
D:\123\Blade&Hex\BladeHexFrontend\src\View\Map\HexCellMultiMeshBatcher.cs(206,31): error CS1061: “MultiMeshInstance3D”未包含“MultiMesh”的定义，并且找不到可接受第一个“MultiMeshInstance3D”类型参数的可访问扩展方法“MultiMesh”(是否缺少 using 指令或程序集引用?) [D:\123\Blade&Hex\BladeHexFrontend\BladeHexFrontend.csproj]
D:\123\Blade&Hex\BladeHexFrontend\src\View\Map\HexCellMultiMeshBatcher.cs(212,36): error CS1061: “MultiMeshInstance3D”未包含“MultiMesh”的定义，并且找不到可接受第一个“MultiMeshInstance3D”类型参数的可访问扩展方法“MultiMesh”(是否缺少 using 指令或程序集引用?) [D:\123\Blade&Hex\BladeHexFrontend\BladeHexFrontend.csproj]
D:\123\Blade&Hex\BladeHexFrontend\src\View\Map\HexCellMultiMeshBatcher.cs(218,45): error CS0117: “MultiMesh”未包含“CustomDataFormatEnum”的定义 [D:\123\Blade&Hex\BladeHexFrontend\BladeHexFrontend.csproj]
D:\123\Blade&Hex\BladeHexFrontend\src\View\Map\HexCellMultiMeshBatcher.cs(220,31): error CS1061: “MultiMeshInstance3D”未包含“MultiMesh”的定义，并且找不到可接受第一个“MultiMeshInstance3D”类型参数的可访问扩展方法“MultiMesh”(是否缺少 using 指令或程序集引用?) [D:\123\Blade&Hex\BladeHexFrontend\BladeHexFrontend.csproj]
D:\123\Blade&Hex\BladeHexFrontend\src\View\Map\HexOverworldRenderer.cs(390,16): error CS1501: “Index”方法没有采用 1 个参数的重载 [D:\123\Blade&Hex\BladeHexFrontend\BladeHexFrontend.csproj]
D:\123\Blade&Hex\BladeHexFrontend\src\View\Map\HexOverworldRenderer.cs(390,35): error CS1501: “Index”方法没有采用 1 个参数的重载 [D:\123\Blade&Hex\BladeHexFrontend\BladeHexFrontend.csproj]
D:\123\Blade&Hex\BladeHexFrontend\src\View\Map\HexOverworldRenderer.cs(390,58): error CS1501: “Index”方法没有采用 1 个参数的重载 [D:\123\Blade&Hex\BladeHexFrontend\BladeHexFrontend.csproj]
D:\123\Blade&Hex\BladeHexFrontend\src\Scenes\combat\CombatScene.cs(533,31): error CS1061: “WeaponData”未包含“rangeCells”的定义，并且找不到可接受第一个“WeaponData”类型参数的可访问扩展方法“rangeCells”(是否缺少 using 指令或程序集引用?) [D:\123\Blade&Hex\BladeHexFrontend\BladeHexFrontend.csproj]
D:\123\Blade&Hex\BladeHexFrontend\src\Scenes\combat\CombatScene.cs(566,90): error CS1061: “SpellData”未包含“rangeCells”的定义，并且找不到可接受第一个“SpellData”类型参数的可访问扩展方法“rangeCells”(是否缺少 using 指令或程序集引用?) [D:\123\Blade&Hex\BladeHexFrontend\BladeHexFrontend.csproj]
D:\123\Blade&Hex\BladeHexFrontend\src\Scenes\overworld\OverworldScene.Debug.cs(274,13): warning CS8602: 解引用可能出现空引用。 [D:\123\Blade&Hex\BladeHexFrontend\BladeHexFrontend.csproj]
D:\123\Blade&Hex\BladeHexFrontend\src\Scenes\combat\CombatScene.cs(608,48): warning CS8604: “Variant.implicit operator Variant(GodotObject from)”中的形参“from”可能传入 null 引用实参。 [D:\123\Blade&Hex\BladeHexFrontend\BladeHexFrontend.csproj]
D:\123\Blade&Hex\BladeHexFrontend\src\Scenes\combat\CombatScene.cs(754,59): error CS1061: “WeaponData”未包含“rangeCells”的定义，并且找不到可接受第一个“WeaponData”类型参数的可访问扩展方法“rangeCells”(是否缺少 using 指令或程序集引用?) [D:\123\Blade&Hex\BladeHexFrontend\BladeHexFrontend.csproj]
D:\123\Blade&Hex\BladeHexFrontend\src\Scenes\combat\CombatScene.cs(767,49): error CS1061: “UnitData”未包含“knownSpells”的定义，并且找不到可接受第一个“UnitData”类型参数的可访问扩展方法“knownSpells”(是否缺少 using 指令或程序集引用?) [D:\123\Blade&Hex\BladeHexFrontend\BladeHexFrontend.csproj]
D:\123\Blade&Hex\BladeHexFrontend\src\Scenes\combat\CombatScene.cs(767,96): error CS1061: “UnitData”未包含“knownSpells”的定义，并且找不到可接受第一个“UnitData”类型参数的可访问扩展方法“knownSpells”(是否缺少 using 指令或程序集引用?) [D:\123\Blade&Hex\BladeHexFrontend\BladeHexFrontend.csproj]
D:\123\Blade&Hex\BladeHexFrontend\src\Scenes\combat\CombatScene.cs(787,49): error CS1061: “UnitData”未包含“consumables”的定义，并且找不到可接受第一个“UnitData”类型参数的可访问扩展方法“consumables”(是否缺少 using 指令或程序集引用?) [D:\123\Blade&Hex\BladeHexFrontend\BladeHexFrontend.csproj]
D:\123\Blade&Hex\BladeHexFrontend\src\Scenes\combat\CombatScene.cs(787,96): error CS1061: “UnitData”未包含“consumables”的定义，并且找不到可接受第一个“UnitData”类型参数的可访问扩展方法“consumables”(是否缺少 using 指令或程序集引用?) [D:\123\Blade&Hex\BladeHexFrontend\BladeHexFrontend.csproj]
D:\123\Blade&Hex\BladeHexFrontend\src\Scenes\combat\CombatScene.cs(1016,82): error CS1061: “SpellData”未包含“spellName”的定义，并且找不到可接受第一个“SpellData”类型参数的可访问扩展方法“spellName”(是否缺少 using 指令或程序集引用?) [D:\123\Blade&Hex\BladeHexFrontend\BladeHexFrontend.csproj]
D:\123\Blade&Hex\BladeHexFrontend\src\Scenes\combat\CombatScene.cs(1043,57): error CS1061: “UnitData”未包含“isEnemy”的定义，并且找不到可接受第一个“UnitData”类型参数的可访问扩展方法“isEnemy”(是否缺少 using 指令或程序集引用?) [D:\123\Blade&Hex\BladeHexFrontend\BladeHexFrontend.csproj]
D:\123\Blade&Hex\BladeHexFrontend\src\Scenes\combat\CombatScene.cs(1052,51): error CS1061: “UnitData”未包含“consumables”的定义，并且找不到可接受第一个“UnitData”类型参数的可访问扩展方法“consumables”(是否缺少 using 指令或程序集引用?) [D:\123\Blade&Hex\BladeHexFrontend\BladeHexFrontend.csproj]
D:\123\Blade&Hex\BladeHexFrontend\src\Scenes\combat\CombatScene.cs(1098,67): error CS1061: “SpellData”未包含“spellName”的定义，并且找不到可接受第一个“SpellData”类型参数的可访问扩展方法“spellName”(是否缺少 using 指令或程序集引用?) [D:\123\Blade&Hex\BladeHexFrontend\BladeHexFrontend.csproj]
D:\123\Blade&Hex\BladeHexFrontend\src\View\Strategic\FogOfWarRenderer.cs(40,21): warning CS0618: “Image.Create(int, int, bool, Image.Format)”已过时:“Use 'Godot.Image.CreateEmpty(int, int, bool, Image.Format)'.” [D:\123\Blade&Hex\BladeHexFrontend\BladeHexFrontend.csproj]
D:\123\Blade&Hex\BladeHexFrontend\src\View\Combat\commands\CommandHistory.cs(112,45): warning CS0162: 检测到无法访问的代码 [D:\123\Blade&Hex\BladeHexFrontend\BladeHexFrontend.csproj]
D:\123\Blade&Hex\BladeHexFrontend\src\View\Combat\CombatResolver.cs(280,17): error CS0120: 对象引用对于非静态的字段、方法或属性“Unit.RenderBus”是必需的 [D:\123\Blade&Hex\BladeHexFrontend\BladeHexFrontend.csproj]
D:\123\Blade&Hex\BladeHexFrontend\src\View\Combat\CombatResolver.cs(280,41): error CS0120: 对象引用对于非静态的字段、方法或属性“Unit.RenderBus”是必需的 [D:\123\Blade&Hex\BladeHexFrontend\BladeHexFrontend.csproj]

生成失败。

D:\123\Blade&Hex\BladeHexFrontend\src\View\Map\TerrainAtlas.cs(174,26): warning CS0618: “Image.Create(int, int, bool, Image.Format)”已过时:“Use 'Godot.Image.CreateEmpty(int, int, bool, Image.Format)'.” [D:\123\Blade&Hex\BladeHexFrontend\BladeHexFrontend.csproj]
D:\123\Blade&Hex\BladeHexFrontend\src\Scenes\overworld\OverworldScene.Debug.cs(274,13): warning CS8602: 解引用可能出现空引用。 [D:\123\Blade&Hex\BladeHexFrontend\BladeHexFrontend.csproj]
D:\123\Blade&Hex\BladeHexFrontend\src\Scenes\combat\CombatScene.cs(608,48): warning CS8604: “Variant.implicit operator Variant(GodotObject from)”中的形参“from”可能传入 null 引用实参。 [D:\123\Blade&Hex\BladeHexFrontend\BladeHexFrontend.csproj]
D:\123\Blade&Hex\BladeHexFrontend\src\View\Strategic\FogOfWarRenderer.cs(40,21): warning CS0618: “Image.Create(int, int, bool, Image.Format)”已过时:“Use 'Godot.Image.CreateEmpty(int, int, bool, Image.Format)'.” [D:\123\Blade&Hex\BladeHexFrontend\BladeHexFrontend.csproj]
D:\123\Blade&Hex\BladeHexFrontend\src\View\Combat\commands\CommandHistory.cs(112,45): warning CS0162: 检测到无法访问的代码 [D:\123\Blade&Hex\BladeHexFrontend\BladeHexFrontend.csproj]
D:\123\Blade&Hex\BladeHexFrontend\src\Scenes\combat\CombatScene.cs(74,43): error CS1061: “UnitData”未包含“threatLevel”的定义，并且找不到可接受第一个“UnitData”类型参数的可访问扩展方法“threatLevel”(是否缺少 using 指令或程序集引用?) [D:\123\Blade&Hex\BladeHexFrontend\BladeHexFrontend.csproj]
D:\123\Blade&Hex\BladeHexFrontend\src\View\Map\HexCellMultiMeshBatcher.cs(138,36): error CS1061: “MultiMeshInstance3D”未包含“MultiMesh”的定义，并且找不到可接受第一个“MultiMeshInstance3D”类型参数的可访问扩展方法“MultiMesh”(是否缺少 using 指令或程序集引用?) [D:\123\Blade&Hex\BladeHexFrontend\BladeHexFrontend.csproj]
D:\123\Blade&Hex\BladeHexFrontend\src\View\Map\HexCell.cs(106,33): error CS0572: “TerrainType”: 无法通过表达式引用类型；请尝试“BattleCellData.TerrainType” [D:\123\Blade&Hex\BladeHexFrontend\BladeHexFrontend.csproj]
D:\123\Blade&Hex\BladeHexFrontend\src\View\Map\HexCell.cs(106,32): error CS0119: “BattleCellData.TerrainType”是一个 类型，这在给定的上下文中无效 [D:\123\Blade&Hex\BladeHexFrontend\BladeHexFrontend.csproj]
D:\123\Blade&Hex\BladeHexFrontend\src\View\Map\HexCellMultiMeshBatcher.cs(162,36): error CS1061: “MultiMeshInstance3D”未包含“MultiMesh”的定义，并且找不到可接受第一个“MultiMeshInstance3D”类型参数的可访问扩展方法“MultiMesh”(是否缺少 using 指令或程序集引用?) [D:\123\Blade&Hex\BladeHexFrontend\BladeHexFrontend.csproj]
D:\123\Blade&Hex\BladeHexFrontend\src\Scenes\combat\CombatScene.cs(205,20): error CS1061: “UnitData”未包含“str”的定义，并且找不到可接受第一个“UnitData”类型参数的可访问扩展方法“str”(是否缺少 using 指令或程序集引用?) [D:\123\Blade&Hex\BladeHexFrontend\BladeHexFrontend.csproj]
D:\123\Blade&Hex\BladeHexFrontend\src\Scenes\combat\CombatScene.cs(206,20): error CS1061: “UnitData”未包含“dex”的定义，并且找不到可接受第一个“UnitData”类型参数的可访问扩展方法“dex”(是否缺少 using 指令或程序集引用?) [D:\123\Blade&Hex\BladeHexFrontend\BladeHexFrontend.csproj]
D:\123\Blade&Hex\BladeHexFrontend\src\Scenes\combat\CombatScene.cs(207,20): error CS1061: “UnitData”未包含“con”的定义，并且找不到可接受第一个“UnitData”类型参数的可访问扩展方法“con”(是否缺少 using 指令或程序集引用?) [D:\123\Blade&Hex\BladeHexFrontend\BladeHexFrontend.csproj]
D:\123\Blade&Hex\BladeHexFrontend\src\Scenes\combat\CombatScene.cs(208,20): error CS1061: “UnitData”未包含“baseMaxHp”的定义，并且找不到可接受第一个“UnitData”类型参数的可访问扩展方法“baseMaxHp”(是否缺少 using 指令或程序集引用?) [D:\123\Blade&Hex\BladeHexFrontend\BladeHexFrontend.csproj]
D:\123\Blade&Hex\BladeHexFrontend\src\Scenes\combat\CombatScene.cs(209,20): error CS1061: “UnitData”未包含“baseAc”的定义，并且找不到可接受第一个“UnitData”类型参数的可访问扩展方法“baseAc”(是否缺少 using 指令或程序集引用?) [D:\123\Blade&Hex\BladeHexFrontend\BladeHexFrontend.csproj]
D:\123\Blade&Hex\BladeHexFrontend\src\Scenes\combat\CombatScene.cs(216,13): error CS0117: “ArmorData”未包含“acBonus”的定义 [D:\123\Blade&Hex\BladeHexFrontend\BladeHexFrontend.csproj]
D:\123\Blade&Hex\BladeHexFrontend\src\Scenes\combat\CombatScene.cs(217,13): error CS0117: “ArmorData”未包含“maxDexBonus”的定义 [D:\123\Blade&Hex\BladeHexFrontend\BladeHexFrontend.csproj]
D:\123\Blade&Hex\BladeHexFrontend\src\Scenes\combat\CombatScene.cs(219,20): error CS1061: “UnitData”未包含“armor”的定义，并且找不到可接受第一个“UnitData”类型参数的可访问扩展方法“armor”(是否缺少 using 指令或程序集引用?) [D:\123\Blade&Hex\BladeHexFrontend\BladeHexFrontend.csproj]
D:\123\Blade&Hex\BladeHexFrontend\src\Scenes\combat\CombatScene.cs(225,13): error CS0117: “WeaponData”未包含“damageDiceCount”的定义 [D:\123\Blade&Hex\BladeHexFrontend\BladeHexFrontend.csproj]
D:\123\Blade&Hex\BladeHexFrontend\src\Scenes\combat\CombatScene.cs(226,13): error CS0117: “WeaponData”未包含“damageDiceSides”的定义 [D:\123\Blade&Hex\BladeHexFrontend\BladeHexFrontend.csproj]
D:\123\Blade&Hex\BladeHexFrontend\src\Scenes\combat\CombatScene.cs(227,13): error CS0117: “WeaponData”未包含“weaponDamageType”的定义 [D:\123\Blade&Hex\BladeHexFrontend\BladeHexFrontend.csproj]
D:\123\Blade&Hex\BladeHexFrontend\src\Scenes\combat\CombatScene.cs(229,20): error CS1061: “UnitData”未包含“primaryMainHand”的定义，并且找不到可接受第一个“UnitData”类型参数的可访问扩展方法“primaryMainHand”(是否缺少 using 指令或程序集引用?) [D:\123\Blade&Hex\BladeHexFrontend\BladeHexFrontend.csproj]
D:\123\Blade&Hex\BladeHexFrontend\src\Scenes\combat\CombatScene.cs(235,13): error CS0117: “WeaponData”未包含“isRanged”的定义 [D:\123\Blade&Hex\BladeHexFrontend\BladeHexFrontend.csproj]
D:\123\Blade&Hex\BladeHexFrontend\src\Scenes\combat\CombatScene.cs(236,13): error CS0117: “WeaponData”未包含“rangeCells”的定义 [D:\123\Blade&Hex\BladeHexFrontend\BladeHexFrontend.csproj]
D:\123\Blade&Hex\BladeHexFrontend\src\Scenes\combat\CombatScene.cs(237,13): error CS0117: “WeaponData”未包含“damageDiceCount”的定义 [D:\123\Blade&Hex\BladeHexFrontend\BladeHexFrontend.csproj]
D:\123\Blade&Hex\BladeHexFrontend\src\Scenes\combat\CombatScene.cs(238,13): error CS0117: “WeaponData”未包含“damageDiceSides”的定义 [D:\123\Blade&Hex\BladeHexFrontend\BladeHexFrontend.csproj]
D:\123\Blade&Hex\BladeHexFrontend\src\Scenes\combat\CombatScene.cs(239,13): error CS0117: “WeaponData”未包含“weaponDamageType”的定义 [D:\123\Blade&Hex\BladeHexFrontend\BladeHexFrontend.csproj]
D:\123\Blade&Hex\BladeHexFrontend\src\Scenes\combat\CombatScene.cs(241,20): error CS1061: “UnitData”未包含“secondaryMainHand”的定义，并且找不到可接受第一个“UnitData”类型参数的可访问扩展方法“secondaryMainHand”(是否缺少 using 指令或程序集引用?) [D:\123\Blade&Hex\BladeHexFrontend\BladeHexFrontend.csproj]
D:\123\Blade&Hex\BladeHexFrontend\src\Scenes\combat\CombatScene.cs(270,17): error CS0117: “UnitData”未包含“isEnemy”的定义 [D:\123\Blade&Hex\BladeHexFrontend\BladeHexFrontend.csproj]
D:\123\Blade&Hex\BladeHexFrontend\src\Scenes\combat\CombatScene.cs(272,17): error CS0117: “UnitData”未包含“threatLevel”的定义 [D:\123\Blade&Hex\BladeHexFrontend\BladeHexFrontend.csproj]
D:\123\Blade&Hex\BladeHexFrontend\src\Scenes\combat\CombatScene.cs(274,17): error CS0117: “UnitData”未包含“morale”的定义 [D:\123\Blade&Hex\BladeHexFrontend\BladeHexFrontend.csproj]
D:\123\Blade&Hex\BladeHexFrontend\src\Scenes\combat\CombatScene.cs(275,17): error CS0117: “UnitData”未包含“str”的定义 [D:\123\Blade&Hex\BladeHexFrontend\BladeHexFrontend.csproj]
D:\123\Blade&Hex\BladeHexFrontend\src\Scenes\combat\CombatScene.cs(276,17): error CS0117: “UnitData”未包含“dex”的定义 [D:\123\Blade&Hex\BladeHexFrontend\BladeHexFrontend.csproj]
D:\123\Blade&Hex\BladeHexFrontend\src\Scenes\combat\CombatScene.cs(277,17): error CS0117: “UnitData”未包含“con”的定义 [D:\123\Blade&Hex\BladeHexFrontend\BladeHexFrontend.csproj]
D:\123\Blade&Hex\BladeHexFrontend\src\Scenes\combat\CombatScene.cs(278,17): error CS0117: “UnitData”未包含“intel”的定义 [D:\123\Blade&Hex\BladeHexFrontend\BladeHexFrontend.csproj]
D:\123\Blade&Hex\BladeHexFrontend\src\Scenes\combat\CombatScene.cs(279,17): error CS0117: “UnitData”未包含“wis”的定义 [D:\123\Blade&Hex\BladeHexFrontend\BladeHexFrontend.csproj]
D:\123\Blade&Hex\BladeHexFrontend\src\Scenes\combat\CombatScene.cs(280,17): error CS0117: “UnitData”未包含“cha”的定义 [D:\123\Blade&Hex\BladeHexFrontend\BladeHexFrontend.csproj]
D:\123\Blade&Hex\BladeHexFrontend\src\Scenes\combat\CombatScene.cs(281,17): error CS0117: “UnitData”未包含“baseMaxHp”的定义 [D:\123\Blade&Hex\BladeHexFrontend\BladeHexFrontend.csproj]
D:\123\Blade&Hex\BladeHexFrontend\src\Scenes\combat\CombatScene.cs(282,17): error CS0117: “UnitData”未包含“baseAc”的定义 [D:\123\Blade&Hex\BladeHexFrontend\BladeHexFrontend.csproj]
D:\123\Blade&Hex\BladeHexFrontend\src\Scenes\combat\CombatScene.cs(289,17): error CS0117: “WeaponData”未包含“isRanged”的定义 [D:\123\Blade&Hex\BladeHexFrontend\BladeHexFrontend.csproj]
D:\123\Blade&Hex\BladeHexFrontend\src\Scenes\combat\CombatScene.cs(290,17): error CS0117: “WeaponData”未包含“rangeCells”的定义 [D:\123\Blade&Hex\BladeHexFrontend\BladeHexFrontend.csproj]
D:\123\Blade&Hex\BladeHexFrontend\src\Scenes\combat\CombatScene.cs(291,17): error CS0117: “WeaponData”未包含“damageDiceCount”的定义 [D:\123\Blade&Hex\BladeHexFrontend\BladeHexFrontend.csproj]
D:\123\Blade&Hex\BladeHexFrontend\src\Scenes\combat\CombatScene.cs(292,17): error CS0117: “WeaponData”未包含“damageDiceSides”的定义 [D:\123\Blade&Hex\BladeHexFrontend\BladeHexFrontend.csproj]
D:\123\Blade&Hex\BladeHexFrontend\src\Scenes\combat\CombatScene.cs(293,17): error CS0117: “WeaponData”未包含“isFinesse”的定义 [D:\123\Blade&Hex\BladeHexFrontend\BladeHexFrontend.csproj]
D:\123\Blade&Hex\BladeHexFrontend\src\Scenes\combat\CombatScene.cs(295,23): error CS1061: “UnitData”未包含“primaryMainHand”的定义，并且找不到可接受第一个“UnitData”类型参数的可访问扩展方法“primaryMainHand”(是否缺少 using 指令或程序集引用?) [D:\123\Blade&Hex\BladeHexFrontend\BladeHexFrontend.csproj]
D:\123\Blade&Hex\BladeHexFrontend\src\Scenes\combat\CombatScene.cs(297,23): error CS1061: “UnitData”未包含“traits”的定义，并且找不到可接受第一个“UnitData”类型参数的可访问扩展方法“traits”(是否缺少 using 指令或程序集引用?) [D:\123\Blade&Hex\BladeHexFrontend\BladeHexFrontend.csproj]
D:\123\Blade&Hex\BladeHexFrontend\src\Scenes\combat\CombatScene.cs(323,13): error CS0117: “UnitData”未包含“isEnemy”的定义 [D:\123\Blade&Hex\BladeHexFrontend\BladeHexFrontend.csproj]
D:\123\Blade&Hex\BladeHexFrontend\src\Scenes\combat\CombatScene.cs(325,13): error CS0117: “UnitData”未包含“threatLevel”的定义 [D:\123\Blade&Hex\BladeHexFrontend\BladeHexFrontend.csproj]
D:\123\Blade&Hex\BladeHexFrontend\src\Scenes\combat\CombatScene.cs(327,13): error CS0117: “UnitData”未包含“morale”的定义 [D:\123\Blade&Hex\BladeHexFrontend\BladeHexFrontend.csproj]
D:\123\Blade&Hex\BladeHexFrontend\src\Scenes\combat\CombatScene.cs(328,13): error CS0117: “UnitData”未包含“str”的定义 [D:\123\Blade&Hex\BladeHexFrontend\BladeHexFrontend.csproj]
D:\123\Blade&Hex\BladeHexFrontend\src\Scenes\combat\CombatScene.cs(329,13): error CS0117: “UnitData”未包含“dex”的定义 [D:\123\Blade&Hex\BladeHexFrontend\BladeHexFrontend.csproj]
D:\123\Blade&Hex\BladeHexFrontend\src\Scenes\combat\CombatScene.cs(330,13): error CS0117: “UnitData”未包含“con”的定义 [D:\123\Blade&Hex\BladeHexFrontend\BladeHexFrontend.csproj]
D:\123\Blade&Hex\BladeHexFrontend\src\Scenes\combat\CombatScene.cs(331,13): error CS0117: “UnitData”未包含“intel”的定义 [D:\123\Blade&Hex\BladeHexFrontend\BladeHexFrontend.csproj]
D:\123\Blade&Hex\BladeHexFrontend\src\Scenes\combat\CombatScene.cs(332,13): error CS0117: “UnitData”未包含“wis”的定义 [D:\123\Blade&Hex\BladeHexFrontend\BladeHexFrontend.csproj]
D:\123\Blade&Hex\BladeHexFrontend\src\Scenes\combat\CombatScene.cs(333,13): error CS0117: “UnitData”未包含“cha”的定义 [D:\123\Blade&Hex\BladeHexFrontend\BladeHexFrontend.csproj]
D:\123\Blade&Hex\BladeHexFrontend\src\Scenes\combat\CombatScene.cs(334,13): error CS0117: “UnitData”未包含“baseMaxHp”的定义 [D:\123\Blade&Hex\BladeHexFrontend\BladeHexFrontend.csproj]
D:\123\Blade&Hex\BladeHexFrontend\src\Scenes\combat\CombatScene.cs(335,13): error CS0117: “UnitData”未包含“baseAc”的定义 [D:\123\Blade&Hex\BladeHexFrontend\BladeHexFrontend.csproj]
D:\123\Blade&Hex\BladeHexFrontend\src\Scenes\combat\CombatScene.cs(341,13): error CS0117: “WeaponData”未包含“damageDiceCount”的定义 [D:\123\Blade&Hex\BladeHexFrontend\BladeHexFrontend.csproj]
D:\123\Blade&Hex\BladeHexFrontend\src\Scenes\combat\CombatScene.cs(342,13): error CS0117: “WeaponData”未包含“damageDiceSides”的定义 [D:\123\Blade&Hex\BladeHexFrontend\BladeHexFrontend.csproj]
D:\123\Blade&Hex\BladeHexFrontend\src\Scenes\combat\CombatScene.cs(343,13): error CS0117: “WeaponData”未包含“isFinesse”的定义 [D:\123\Blade&Hex\BladeHexFrontend\BladeHexFrontend.csproj]
D:\123\Blade&Hex\BladeHexFrontend\src\Scenes\combat\CombatScene.cs(345,18): error CS1061: “UnitData”未包含“primaryMainHand”的定义，并且找不到可接受第一个“UnitData”类型参数的可访问扩展方法“primaryMainHand”(是否缺少 using 指令或程序集引用?) [D:\123\Blade&Hex\BladeHexFrontend\BladeHexFrontend.csproj]
D:\123\Blade&Hex\BladeHexFrontend\src\Scenes\combat\CombatScene.cs(347,18): error CS1061: “UnitData”未包含“immunities”的定义，并且找不到可接受第一个“UnitData”类型参数的可访问扩展方法“immunities”(是否缺少 using 指令或程序集引用?) [D:\123\Blade&Hex\BladeHexFrontend\BladeHexFrontend.csproj]
D:\123\Blade&Hex\BladeHexFrontend\src\Scenes\combat\CombatScene.cs(348,18): error CS1061: “UnitData”未包含“resistances”的定义，并且找不到可接受第一个“UnitData”类型参数的可访问扩展方法“resistances”(是否缺少 using 指令或程序集引用?) [D:\123\Blade&Hex\BladeHexFrontend\BladeHexFrontend.csproj]
D:\123\Blade&Hex\BladeHexFrontend\src\Scenes\combat\CombatScene.cs(373,13): error CS0117: “UnitData”未包含“isEnemy”的定义 [D:\123\Blade&Hex\BladeHexFrontend\BladeHexFrontend.csproj]
D:\123\Blade&Hex\BladeHexFrontend\src\Scenes\combat\CombatScene.cs(375,13): error CS0117: “UnitData”未包含“threatLevel”的定义 [D:\123\Blade&Hex\BladeHexFrontend\BladeHexFrontend.csproj]
D:\123\Blade&Hex\BladeHexFrontend\src\Scenes\combat\CombatScene.cs(377,13): error CS0117: “UnitData”未包含“morale”的定义 [D:\123\Blade&Hex\BladeHexFrontend\BladeHexFrontend.csproj]
D:\123\Blade&Hex\BladeHexFrontend\src\Scenes\combat\CombatScene.cs(378,13): error CS0117: “UnitData”未包含“str”的定义 [D:\123\Blade&Hex\BladeHexFrontend\BladeHexFrontend.csproj]
D:\123\Blade&Hex\BladeHexFrontend\src\Scenes\combat\CombatScene.cs(379,13): error CS0117: “UnitData”未包含“dex”的定义 [D:\123\Blade&Hex\BladeHexFrontend\BladeHexFrontend.csproj]
D:\123\Blade&Hex\BladeHexFrontend\src\Scenes\combat\CombatScene.cs(380,13): error CS0117: “UnitData”未包含“con”的定义 [D:\123\Blade&Hex\BladeHexFrontend\BladeHexFrontend.csproj]
D:\123\Blade&Hex\BladeHexFrontend\src\Scenes\combat\CombatScene.cs(381,13): error CS0117: “UnitData”未包含“intel”的定义 [D:\123\Blade&Hex\BladeHexFrontend\BladeHexFrontend.csproj]
D:\123\Blade&Hex\BladeHexFrontend\src\Scenes\combat\CombatScene.cs(382,13): error CS0117: “UnitData”未包含“wis”的定义 [D:\123\Blade&Hex\BladeHexFrontend\BladeHexFrontend.csproj]
D:\123\Blade&Hex\BladeHexFrontend\src\Scenes\combat\CombatScene.cs(383,13): error CS0117: “UnitData”未包含“cha”的定义 [D:\123\Blade&Hex\BladeHexFrontend\BladeHexFrontend.csproj]
D:\123\Blade&Hex\BladeHexFrontend\src\Scenes\combat\CombatScene.cs(384,13): error CS0117: “UnitData”未包含“baseMaxHp”的定义 [D:\123\Blade&Hex\BladeHexFrontend\BladeHexFrontend.csproj]
D:\123\Blade&Hex\BladeHexFrontend\src\Scenes\combat\CombatScene.cs(385,13): error CS0117: “UnitData”未包含“baseAc”的定义 [D:\123\Blade&Hex\BladeHexFrontend\BladeHexFrontend.csproj]
D:\123\Blade&Hex\BladeHexFrontend\src\Scenes\combat\CombatScene.cs(391,13): error CS0117: “WeaponData”未包含“damageDiceCount”的定义 [D:\123\Blade&Hex\BladeHexFrontend\BladeHexFrontend.csproj]
D:\123\Blade&Hex\BladeHexFrontend\src\Scenes\combat\CombatScene.cs(392,13): error CS0117: “WeaponData”未包含“damageDiceSides”的定义 [D:\123\Blade&Hex\BladeHexFrontend\BladeHexFrontend.csproj]
D:\123\Blade&Hex\BladeHexFrontend\src\Scenes\combat\CombatScene.cs(394,17): error CS1061: “UnitData”未包含“primaryMainHand”的定义，并且找不到可接受第一个“UnitData”类型参数的可访问扩展方法“primaryMainHand”(是否缺少 using 指令或程序集引用?) [D:\123\Blade&Hex\BladeHexFrontend\BladeHexFrontend.csproj]
D:\123\Blade&Hex\BladeHexFrontend\src\Scenes\combat\CombatScene.cs(396,17): error CS1061: “UnitData”未包含“traits”的定义，并且找不到可接受第一个“UnitData”类型参数的可访问扩展方法“traits”(是否缺少 using 指令或程序集引用?) [D:\123\Blade&Hex\BladeHexFrontend\BladeHexFrontend.csproj]
D:\123\Blade&Hex\BladeHexFrontend\src\View\Map\HexCellMultiMeshBatcher.cs(206,31): error CS1061: “MultiMeshInstance3D”未包含“MultiMesh”的定义，并且找不到可接受第一个“MultiMeshInstance3D”类型参数的可访问扩展方法“MultiMesh”(是否缺少 using 指令或程序集引用?) [D:\123\Blade&Hex\BladeHexFrontend\BladeHexFrontend.csproj]
D:\123\Blade&Hex\BladeHexFrontend\src\View\Map\HexCellMultiMeshBatcher.cs(212,36): error CS1061: “MultiMeshInstance3D”未包含“MultiMesh”的定义，并且找不到可接受第一个“MultiMeshInstance3D”类型参数的可访问扩展方法“MultiMesh”(是否缺少 using 指令或程序集引用?) [D:\123\Blade&Hex\BladeHexFrontend\BladeHexFrontend.csproj]
D:\123\Blade&Hex\BladeHexFrontend\src\View\Map\HexCellMultiMeshBatcher.cs(218,45): error CS0117: “MultiMesh”未包含“CustomDataFormatEnum”的定义 [D:\123\Blade&Hex\BladeHexFrontend\BladeHexFrontend.csproj]
D:\123\Blade&Hex\BladeHexFrontend\src\View\Map\HexCellMultiMeshBatcher.cs(220,31): error CS1061: “MultiMeshInstance3D”未包含“MultiMesh”的定义，并且找不到可接受第一个“MultiMeshInstance3D”类型参数的可访问扩展方法“MultiMesh”(是否缺少 using 指令或程序集引用?) [D:\123\Blade&Hex\BladeHexFrontend\BladeHexFrontend.csproj]
D:\123\Blade&Hex\BladeHexFrontend\src\View\Map\HexOverworldRenderer.cs(390,16): error CS1501: “Index”方法没有采用 1 个参数的重载 [D:\123\Blade&Hex\BladeHexFrontend\BladeHexFrontend.csproj]
D:\123\Blade&Hex\BladeHexFrontend\src\View\Map\HexOverworldRenderer.cs(390,35): error CS1501: “Index”方法没有采用 1 个参数的重载 [D:\123\Blade&Hex\BladeHexFrontend\BladeHexFrontend.csproj]
D:\123\Blade&Hex\BladeHexFrontend\src\View\Map\HexOverworldRenderer.cs(390,58): error CS1501: “Index”方法没有采用 1 个参数的重载 [D:\123\Blade&Hex\BladeHexFrontend\BladeHexFrontend.csproj]
D:\123\Blade&Hex\BladeHexFrontend\src\Scenes\combat\CombatScene.cs(533,31): error CS1061: “WeaponData”未包含“rangeCells”的定义，并且找不到可接受第一个“WeaponData”类型参数的可访问扩展方法“rangeCells”(是否缺少 using 指令或程序集引用?) [D:\123\Blade&Hex\BladeHexFrontend\BladeHexFrontend.csproj]
D:\123\Blade&Hex\BladeHexFrontend\src\Scenes\combat\CombatScene.cs(566,90): error CS1061: “SpellData”未包含“rangeCells”的定义，并且找不到可接受第一个“SpellData”类型参数的可访问扩展方法“rangeCells”(是否缺少 using 指令或程序集引用?) [D:\123\Blade&Hex\BladeHexFrontend\BladeHexFrontend.csproj]
D:\123\Blade&Hex\BladeHexFrontend\src\Scenes\combat\CombatScene.cs(754,59): error CS1061: “WeaponData”未包含“rangeCells”的定义，并且找不到可接受第一个“WeaponData”类型参数的可访问扩展方法“rangeCells”(是否缺少 using 指令或程序集引用?) [D:\123\Blade&Hex\BladeHexFrontend\BladeHexFrontend.csproj]
D:\123\Blade&Hex\BladeHexFrontend\src\Scenes\combat\CombatScene.cs(767,49): error CS1061: “UnitData”未包含“knownSpells”的定义，并且找不到可接受第一个“UnitData”类型参数的可访问扩展方法“knownSpells”(是否缺少 using 指令或程序集引用?) [D:\123\Blade&Hex\BladeHexFrontend\BladeHexFrontend.csproj]
D:\123\Blade&Hex\BladeHexFrontend\src\Scenes\combat\CombatScene.cs(767,96): error CS1061: “UnitData”未包含“knownSpells”的定义，并且找不到可接受第一个“UnitData”类型参数的可访问扩展方法“knownSpells”(是否缺少 using 指令或程序集引用?) [D:\123\Blade&Hex\BladeHexFrontend\BladeHexFrontend.csproj]
D:\123\Blade&Hex\BladeHexFrontend\src\Scenes\combat\CombatScene.cs(787,49): error CS1061: “UnitData”未包含“consumables”的定义，并且找不到可接受第一个“UnitData”类型参数的可访问扩展方法“consumables”(是否缺少 using 指令或程序集引用?) [D:\123\Blade&Hex\BladeHexFrontend\BladeHexFrontend.csproj]
D:\123\Blade&Hex\BladeHexFrontend\src\Scenes\combat\CombatScene.cs(787,96): error CS1061: “UnitData”未包含“consumables”的定义，并且找不到可接受第一个“UnitData”类型参数的可访问扩展方法“consumables”(是否缺少 using 指令或程序集引用?) [D:\123\Blade&Hex\BladeHexFrontend\BladeHexFrontend.csproj]
D:\123\Blade&Hex\BladeHexFrontend\src\Scenes\combat\CombatScene.cs(1016,82): error CS1061: “SpellData”未包含“spellName”的定义，并且找不到可接受第一个“SpellData”类型参数的可访问扩展方法“spellName”(是否缺少 using 指令或程序集引用?) [D:\123\Blade&Hex\BladeHexFrontend\BladeHexFrontend.csproj]
D:\123\Blade&Hex\BladeHexFrontend\src\Scenes\combat\CombatScene.cs(1043,57): error CS1061: “UnitData”未包含“isEnemy”的定义，并且找不到可接受第一个“UnitData”类型参数的可访问扩展方法“isEnemy”(是否缺少 using 指令或程序集引用?) [D:\123\Blade&Hex\BladeHexFrontend\BladeHexFrontend.csproj]
D:\123\Blade&Hex\BladeHexFrontend\src\Scenes\combat\CombatScene.cs(1052,51): error CS1061: “UnitData”未包含“consumables”的定义，并且找不到可接受第一个“UnitData”类型参数的可访问扩展方法“consumables”(是否缺少 using 指令或程序集引用?) [D:\123\Blade&Hex\BladeHexFrontend\BladeHexFrontend.csproj]
D:\123\Blade&Hex\BladeHexFrontend\src\Scenes\combat\CombatScene.cs(1098,67): error CS1061: “SpellData”未包含“spellName”的定义，并且找不到可接受第一个“SpellData”类型参数的可访问扩展方法“spellName”(是否缺少 using 指令或程序集引用?) [D:\123\Blade&Hex\BladeHexFrontend\BladeHexFrontend.csproj]
D:\123\Blade&Hex\BladeHexFrontend\src\View\Combat\CombatResolver.cs(280,17): error CS0120: 对象引用对于非静态的字段、方法或属性“Unit.RenderBus”是必需的 [D:\123\Blade&Hex\BladeHexFrontend\BladeHexFrontend.csproj]
D:\123\Blade&Hex\BladeHexFrontend\src\View\Combat\CombatResolver.cs(280,41): error CS0120: 对象引用对于非静态的字段、方法或属性“Unit.RenderBus”是必需的 [D:\123\Blade&Hex\BladeHexFrontend\BladeHexFrontend.csproj]
    5 个警告
    93 个错误

已用时间 00:00:02.02
